  SoulScapeV2.cpp
C:\Users\LAM MING KANG\Desktop\utem\STUDY NOTE_SEM 3\BITE2513 GAME ENGINE DEVELOPMENT 1\Programming C++\SoulScapeV2\SoulScapeV2\SoulScapeV2.cpp(1725,16): warning C4267: 'initializing': conversion from 'size_t' to 'int', possible loss of data
C:\Users\LAM MING KANG\Desktop\utem\STUDY NOTE_SEM 3\BITE2513 GAME ENGINE DEVELOPMENT 1\Programming C++\SoulScapeV2\SoulScapeV2\SoulScapeV2.cpp(1977,34): warning C4244: '=': conversion from 'int' to 'float', possible loss of data
C:\Users\LAM MING KANG\Desktop\utem\STUDY NOTE_SEM 3\BITE2513 GAME ENGINE DEVELOPMENT 1\Programming C++\SoulScapeV2\SoulScapeV2\SoulScapeV2.cpp(1989,16): warning C4267: 'initializing': conversion from 'size_t' to 'int', possible loss of data
C:\Users\LAM MING KANG\Desktop\utem\STUDY NOTE_SEM 3\BITE2513 GAME ENGINE DEVELOPMENT 1\Programming C++\SoulScapeV2\SoulScapeV2\SoulScapeV2.cpp(2177,24): warning C4267: 'initializing': conversion from 'size_t' to 'int', possible loss of data
C:\Users\LAM MING KANG\Desktop\utem\STUDY NOTE_SEM 3\BITE2513 GAME ENGINE DEVELOPMENT 1\Programming C++\SoulScapeV2\SoulScapeV2\SoulScapeV2.cpp(2225,34): warning C4244: '=': conversion from 'int' to 'float', possible loss of data
C:\Users\LAM MING KANG\Desktop\utem\STUDY NOTE_SEM 3\BITE2513 GAME ENGINE DEVELOPMENT 1\Programming C++\SoulScapeV2\SoulScapeV2\SoulScapeV2.cpp(2542,25): warning C4244: 'initializing': conversion from 'int' to 'float', possible loss of data
C:\Users\LAM MING KANG\Desktop\utem\STUDY NOTE_SEM 3\BITE2513 GAME ENGINE DEVELOPMENT 1\Programming C++\SoulScapeV2\SoulScapeV2\SoulScapeV2.cpp(2628,34): warning C4244: '=': conversion from 'int' to 'float', possible loss of data
C:\Users\LAM MING KANG\Desktop\utem\STUDY NOTE_SEM 3\BITE2513 GAME ENGINE DEVELOPMENT 1\Programming C++\SoulScapeV2\SoulScapeV2\SoulScapeV2.cpp(2710,15): warning C4244: 'argument': conversion from 'time_t' to 'unsigned int', possible loss of data
C:\Users\LAM MING KANG\Desktop\utem\STUDY NOTE_SEM 3\BITE2513 GAME ENGINE DEVELOPMENT 1\Programming C++\SoulScapeV2\SoulScapeV2\SoulScapeV2.cpp(2830,20): warning C4244: 'initializing': conversion from 'int' to 'float', possible loss of data
C:\Users\LAM MING KANG\Desktop\utem\STUDY NOTE_SEM 3\BITE2513 GAME ENGINE DEVELOPMENT 1\Programming C++\SoulScapeV2\SoulScapeV2\SoulScapeV2.cpp(3173,54): warning C4267: '=': conversion from 'size_t' to 'int', possible loss of data
C:\Users\LAM MING KANG\Desktop\utem\STUDY NOTE_SEM 3\BITE2513 GAME ENGINE DEVELOPMENT 1\Programming C++\SoulScapeV2\SoulScapeV2\SoulScapeV2.cpp(3220,54): warning C4267: '=': conversion from 'size_t' to 'int', possible loss of data
C:\Users\LAM MING KANG\Desktop\utem\STUDY NOTE_SEM 3\BITE2513 GAME ENGINE DEVELOPMENT 1\Programming C++\SoulScapeV2\SoulScapeV2\SoulScapeV2.cpp(3512,98): warning C4244: '=': conversion from 'int' to 'float', possible loss of data
C:\Users\LAM MING KANG\Desktop\utem\STUDY NOTE_SEM 3\BITE2513 GAME ENGINE DEVELOPMENT 1\Programming C++\SoulScapeV2\SoulScapeV2\SoulScapeV2.cpp(3624,98): warning C4244: '=': conversion from 'int' to 'float', possible loss of data
C:\Users\LAM MING KANG\Desktop\utem\STUDY NOTE_SEM 3\BITE2513 GAME ENGINE DEVELOPMENT 1\Programming C++\SoulScapeV2\SoulScapeV2\SoulScapeV2.cpp(3777,39): warning C4244: 'argument': conversion from 'int' to 'float', possible loss of data
C:\Users\LAM MING KANG\Desktop\utem\STUDY NOTE_SEM 3\BITE2513 GAME ENGINE DEVELOPMENT 1\Programming C++\SoulScapeV2\SoulScapeV2\SoulScapeV2.cpp(3786,39): warning C4244: 'argument': conversion from 'int' to 'float', possible loss of data
C:\Users\LAM MING KANG\Desktop\utem\STUDY NOTE_SEM 3\BITE2513 GAME ENGINE DEVELOPMENT 1\Programming C++\SoulScapeV2\SoulScapeV2\SoulScapeV2.cpp(3794,39): warning C4244: 'argument': conversion from 'int' to 'float', possible loss of data
C:\Users\LAM MING KANG\Desktop\utem\STUDY NOTE_SEM 3\BITE2513 GAME ENGINE DEVELOPMENT 1\Programming C++\SoulScapeV2\SoulScapeV2\SoulScapeV2.cpp(3803,39): warning C4244: 'argument': conversion from 'int' to 'float', possible loss of data
C:\Users\LAM MING KANG\Desktop\utem\STUDY NOTE_SEM 3\BITE2513 GAME ENGINE DEVELOPMENT 1\Programming C++\SoulScapeV2\SoulScapeV2\SoulScapeV2.cpp(3812,39): warning C4244: 'argument': conversion from 'int' to 'float', possible loss of data
  SoulScapeV2.vcxproj -> C:\Users\LAM MING KANG\Desktop\utem\STUDY NOTE_SEM 3\BITE2513 GAME ENGINE DEVELOPMENT 1\Programming C++\SoulScapeV2\x64\Debug\SoulScapeV2.exe
